
Memory Configuration

Name             Origin             Length             Attributes
FLASH            0x08000000         0x00080000         xr
SRAM             0x20000000         0x00020000         xrw
*default*        0x00000000         0xffffffff

Linker script and memory map

LOAD object/kfloat.o
LOAD object/kmath.o
LOAD object/kstdio.o
LOAD object/kstring.o
LOAD object/ktimes.o
LOAD object/kunistd.o
LOAD object/schedule.o
LOAD object/sys_init.o
LOAD object/kmain.o
LOAD object/clock.o
LOAD object/gpio.o
LOAD object/timer.o
LOAD object/usart.o
LOAD object/stm32_startup.o
LOAD object/cm4.o
LOAD object/syscall.o
LOAD object/times.o
LOAD object/unistd.o

.text           0x08000000     0x3510
                0x08000000                _stext = .
 *(.isr_vector)
 .isr_vector    0x08000000      0x1c4 object/stm32_startup.o
                0x08000000                NVIC_VECTOR
 *(.text)
 .text          0x080001c4      0x360 object/kfloat.o
                0x080001c4                __aeabi_f2d
                0x0800028a                __aeabi_d2f
                0x08000310                __aeabi_d2iz
                0x080003a6                __aeabi_d2i
                0x0800043c                get_decimal_part
 .text          0x08000524       0x4e object/kmath.o
                0x08000524                __pow
 *fill*         0x08000572        0x2 
 .text          0x08000574      0x3a8 object/kstdio.o
                0x08000574                kprintf
                0x08000704                kscanf
                0x08000884                kstrcpy
                0x080008c0                kstrcmp
 .text          0x0800091c      0x374 object/kstring.o
                0x0800091c                __str_to_num
                0x080009dc                __reverse_str
                0x08000a3a                __strlen
                0x08000a68                convert
                0x08000ac0                float2str
                0x08000b8c                str2float
 .text          0x08000c90        0x0 object/ktimes.o
 .text          0x08000c90        0x0 object/kunistd.o
 .text          0x08000c90      0x31c object/schedule.o
                0x08000c90                set_sleeping_task
                0x08000cb0                task_start
                0x08000cf4                initialize_queue
                0x08000d20                add_to_ready_queue
                0x08000d7c                queue_front_
                0x08000ddc                is_queue_empty
                0x08000df4                generate_task_id
                0x08000e14                task_create
                0x08000f24                _schedule
                0x08000f68                PendSV_Handler
 .text          0x08000fac       0x98 object/sys_init.o
                0x08000fac                __sys_init
 .text          0x08001044      0x21c object/kmain.o
                0x08001044                task_sleep
                0x08001078                Task
                0x08001158                unprivileged_mode
                0x08001172                __set_interrupt_priorities
                0x08001198                kmain
 .text          0x08001260       0xbc object/clock.o
                0x08001260                DRV_CLOCK_INIT
 .text          0x0800131c       0x20 object/gpio.o
                0x0800131c                DRV_GPIO_INIT
 .text          0x0800133c        0xe object/timer.o
                0x0800133c                DRV_TIMER_INIT
 *fill*         0x0800134a        0x2 
 .text          0x0800134c      0x220 object/usart.o
                0x0800134c                DRV_USART_INIT
                0x08001408                UART_SendChar
                0x08001436                _USART_WRITE
                0x0800146e                _USART_READ
                0x080014ca                UART_GetChar
                0x080014f4                _USART_READ_STR
 .text          0x0800156c      0x170 object/stm32_startup.o
                0x0800156c                Reset_Handler
                0x08001624                FLASH_Handler
                0x08001624                OTG_HS_EP1_IN_Handler
                0x08001624                DMA2_Stream7_Handler
                0x08001624                OTG_HS_Handler
                0x08001624                SPI4_Handler
                0x08001624                DMA2_Stream3_Handler
                0x08001624                USART3_Handler
                0x08001624                NMI_Handler
                0x08001624                SAI1_Handler
                0x08001624                TIM6_DAC_Handler
                0x08001624                CAN1_RX1_Handler
                0x08001624                EXTI15_10_Handler
                0x08001624                ADC_Handler
                0x08001624                I2C1_EV_Handler
                0x08001624                TAMP_STAMP_Handler
                0x08001624                I2C3_ER_Handler
                0x08001624                WWDG_Handler
                0x08001624                EXTI4_Handler
                0x08001624                I2C3_EV_Handler
                0x08001624                DMA1_Stream1_Handler
                0x08001624                DMA2_Stream4_Handler
                0x08001624                DMA1_Stream7_Handler
                0x08001624                OTG_FS_Handler
                0x08001624                TIM1_BRK_TIM9_Handler
                0x08001624                I2C1_ER_Handler
                0x08001624                DMA1_Stream3_Handler
                0x08001624                UsageFault_Handler
                0x08001624                TIM1_UP_TIM10_Handler
                0x08001624                CAN1_RX0_Handler
                0x08001624                TIM1_CC_Handler
                0x08001624                I2C2_ER_Handler
                0x08001624                USART6_Handler
                0x08001624                TIM8_CC_Handler
                0x08001624                HDMI_CEC_Handler
                0x08001624                SAI2_Handler
                0x08001624                CAN1_SCE_Handler
                0x08001624                DMA1_Stream0_Handler
                0x08001624                OTG_HS_EP1_OUT_Handler
                0x08001624                EXTI1_Handler
                0x08001624                RTC_WKUP_Handler
                0x08001624                FMC_Handler
                0x08001624                EXTI3_Handler
                0x08001624                EXTI2_Handler
                0x08001624                UART4_Handler
                0x08001624                CAN2_RX1_Handler
                0x08001624                EXTI9_5_Handler
                0x08001624                TIM2_Handler
                0x08001624                USART1_Handler
                0x08001624                CAN2_SCE_Handler
                0x08001624                TIM3_Handler
                0x08001624                DMA2_Stream6_Handler
                0x08001624                Default_Handler
                0x08001624                DCMI_Handler
                0x08001624                TIM1_TRG_COM_TIM11_Handler
                0x08001624                RTC_Alarm_Handler
                0x08001624                TIM4_Handler
                0x08001624                TIM8_UP_TIM13_Handler
                0x08001624                CAN2_TX_Handler
                0x08001624                SPI2_Handler
                0x08001624                DMA2_Stream1_Handler
                0x08001624                DMA1_Stream2_Handler
                0x08001624                OTG_FS_WKUP_Handler
                0x08001624                EXTI0_Handler
                0x08001624                TIM8_BRK_TIM12_Handler
                0x08001624                CAN2_RX0_Handler
                0x08001624                DMA2_Stream5_Handler
                0x08001624                DMA1_Stream6_Handler
                0x08001624                SDIO_Handler
                0x08001624                FMPI2C1_ERR_Handler
                0x08001624                USART2_Handler
                0x08001624                SPI1_Handler
                0x08001624                I2C2_EV_Handler
                0x08001624                SPDIF_Rx_Handler
                0x08001624                DMA2_Stream2_Handler
                0x08001624                SPI3_Handler
                0x08001624                DMA2_Stream0_Handler
                0x08001624                RCC_Handler
                0x08001624                PVD_Handler
                0x08001624                UART5_Handler
                0x08001624                DMA1_Stream5_Handler
                0x08001624                TIM5_Handler
                0x08001624                QuadSPI_Handler
                0x08001624                TIM7_Handler
                0x08001624                TIM8_TRG_COM_TIM14_Handler
                0x08001624                CAN1_TX_Handler
                0x08001624                FPU_Handler
                0x08001624                FMPI2C1_Handler
                0x08001624                OTG_HS_WKUP_Handler
                0x08001624                DMA1_Stream4_Handler
                0x08001624                DebugMonitor_Handler
                0x0800162a                HardFault_Handler
                0x0800163c                MemManage_Handler
                0x0800164c                BusFault_Handler
                0x0800165c                SVCall_Handler
                0x08001672                SVC_Handler_C
 .text          0x080016dc      0x6c8 object/cm4.o
                0x080016dc                __SysTick_init
                0x08001734                __sysTick_enable
                0x08001760                __sysTick_disable
                0x0800178c                __getSysTickCount
                0x080017a4                __updateSysTick
                0x080017fc                __getTime
                0x08001830                SysTick_Handler
                0x08001880                set_task_pending
                0x080018ac                __enable_fpu
                0x080018d0                SetPriorityGroup
                0x08001900                __NVIC_SetPriority
                0x08001a00                __NVIC_GetPriority
                0x08001a40                __NVIC_EnableIRQn
                0x08001aa8                __NVIC_DisableIRQn
                0x08001b14                __NVIC_GetActive
                0x08001b74                __get_pending_IRQn
                0x08001bd4                __clear_pending_IRQn
                0x08001c3c                __set_pending_IRQn
                0x08001ca4                __disable_irq
                0x08001cb4                __enable_irq
                0x08001cc4                __set_BASEPRI
                0x08001ce4                __unset_BASEPRI
                0x08001d00                __set_PRIMASK
                0x08001d1a                __get_PRIMASK
                0x08001d34                __enable_fault_irq
                0x08001d44                __set_FAULTMASK
                0x08001d5e                __disable_fault_irq
                0x08001d6e                __get_FAULTMASK
                0x08001d88                __get_BASEPRI
 .text          0x08001da4      0x46c object/syscall.o
                0x08001da4                kfopen
                0x08001e6c                kclose
                0x08001e9c                printDirectory
                0x08001f68                __sys_start_task
                0x08001fa0                __sys_getpid
                0x08001fc4                __sys_exit
                0x08001fe4                __sys_read
                0x08002040                __sys_write
                0x08002074                __sys_open
                0x080020ae                __sys_close
                0x080020d2                __sys_gettime
                0x080020f4                __sys_reboot
                0x08002114                __sys_yield
                0x08002134                syscall
 .text          0x08002210        0x0 object/times.o
 .text          0x08002210      0x8c0 object/unistd.o
                0x08002210                exit
                0x08002220                getpid
                0x08002240                read
                0x0800226e                write
                0x0800229c                fopen
                0x080022c4                fclose
                0x080022e6                get_time
                0x08002304                reboot
                0x08002314                yield
                0x08002324                printf
                0x08002614                uscanf
                0x080027be                fprintf
 *(.rodata)
 .rodata        0x08002ad0       0x6a object/schedule.o
                0x08002b38                initial_task_id
 *fill*         0x08002b3a        0x2 
 .rodata        0x08002b3c       0xe8 object/sys_init.o
 .rodata        0x08002c24      0x10a object/kmain.o
 *fill*         0x08002d2e        0x2 
 .rodata        0x08002d30       0x46 object/stm32_startup.o
 *fill*         0x08002d76        0x2 
 .rodata        0x08002d78      0x779 object/syscall.o
                0x08003368                sys_errlist
                0x0800346c                sys_nerr
 *fill*         0x080034f1        0x3 
 .rodata        0x080034f4       0x19 object/unistd.o
                0x08003510                . = ALIGN (0x4)
 *fill*         0x0800350d        0x3 
                0x08003510                _etext = .
                0x08003510                _la_data = LOADADDR (.data)

.glue_7         0x08003510        0x0
 .glue_7        0x08003510        0x0 linker stubs

.glue_7t        0x08003510        0x0
 .glue_7t       0x08003510        0x0 linker stubs

.vfp11_veneer   0x08003510        0x0
 .vfp11_veneer  0x08003510        0x0 linker stubs

.v4_bx          0x08003510        0x0
 .v4_bx         0x08003510        0x0 linker stubs

.iplt           0x08003510        0x0
 .iplt          0x08003510        0x0 object/kstdio.o

.rel.dyn        0x08003510        0x0
 .rel.iplt      0x08003510        0x0 object/kstdio.o

.data           0x20000000       0x2c load address 0x08003510
                0x20000000                _sdata = .
 *(.data)
 .data          0x20000000        0x0 object/kfloat.o
 .data          0x20000000        0x0 object/kmath.o
 .data          0x20000000        0x0 object/kstdio.o
 .data          0x20000000       0x25 object/kstring.o
 .data          0x20000025        0x0 object/ktimes.o
 .data          0x20000025        0x0 object/kunistd.o
 *fill*         0x20000025        0x1 
 .data          0x20000026        0x2 object/schedule.o
                0x20000026                last_assigned
 .data          0x20000028        0x0 object/sys_init.o
 .data          0x20000028        0x4 object/kmain.o
                0x20000028                x
 .data          0x2000002c        0x0 object/clock.o
 .data          0x2000002c        0x0 object/gpio.o
 .data          0x2000002c        0x0 object/timer.o
 .data          0x2000002c        0x0 object/usart.o
 .data          0x2000002c        0x0 object/stm32_startup.o
 .data          0x2000002c        0x0 object/cm4.o
 .data          0x2000002c        0x0 object/syscall.o
 .data          0x2000002c        0x0 object/times.o
 .data          0x2000002c        0x0 object/unistd.o
                0x2000002c                . = ALIGN (0x4)
                0x2000002c                _edata = .

.igot.plt       0x2000002c        0x0 load address 0x0800353c
 .igot.plt      0x2000002c        0x0 object/kstdio.o

.bss            0x2000002c      0xeac load address 0x0800353c
                0x2000002c                _sbss = .
 *(.bss)
 .bss           0x2000002c        0x0 object/kfloat.o
 .bss           0x2000002c        0x0 object/kmath.o
 .bss           0x2000002c        0x0 object/kstdio.o
 .bss           0x2000002c       0x32 object/kstring.o
 .bss           0x2000005e        0x0 object/ktimes.o
 .bss           0x2000005e        0x0 object/kunistd.o
 *fill*         0x2000005e        0x2 
 .bss           0x20000060       0x7c object/schedule.o
                0x20000060                rq
                0x200000d4                current
                0x200000d8                __sleep
 .bss           0x200000dc        0x0 object/sys_init.o
 .bss           0x200000dc      0x2e4 object/kmain.o
                0x200000dc                task
                0x2000039c                _sleep
                0x200003bc                count
 .bss           0x200003c0        0x0 object/clock.o
 .bss           0x200003c0        0x0 object/gpio.o
 .bss           0x200003c0        0x0 object/timer.o
 .bss           0x200003c0        0x0 object/usart.o
 .bss           0x200003c0        0xc object/stm32_startup.o
                0x200003c0                _bss_size
                0x200003c4                _data_size
                0x200003c8                _text_size
 .bss           0x200003cc        0x8 object/cm4.o
 .bss           0x200003d4      0xb04 object/syscall.o
                0x200003d4                directory
                0x20000ed4                current_index
 .bss           0x20000ed8        0x0 object/times.o
 .bss           0x20000ed8        0x0 object/unistd.o
                0x20000ed8                _ebss = .
OUTPUT(target/asst03.elf elf32-littlearm)
LOAD linker stubs

.comment        0x00000000       0x49
 .comment       0x00000000       0x49 object/kfloat.o
                                 0x4a (size before relaxing)
 .comment       0x00000049       0x4a object/kmath.o
 .comment       0x00000049       0x4a object/kstdio.o
 .comment       0x00000049       0x4a object/kstring.o
 .comment       0x00000049       0x4a object/ktimes.o
 .comment       0x00000049       0x4a object/kunistd.o
 .comment       0x00000049       0x4a object/schedule.o
 .comment       0x00000049       0x4a object/sys_init.o
 .comment       0x00000049       0x4a object/kmain.o
 .comment       0x00000049       0x4a object/clock.o
 .comment       0x00000049       0x4a object/gpio.o
 .comment       0x00000049       0x4a object/timer.o
 .comment       0x00000049       0x4a object/usart.o
 .comment       0x00000049       0x4a object/stm32_startup.o
 .comment       0x00000049       0x4a object/cm4.o
 .comment       0x00000049       0x4a object/syscall.o
 .comment       0x00000049       0x4a object/times.o
 .comment       0x00000049       0x4a object/unistd.o

.ARM.attributes
                0x00000000       0x32
 .ARM.attributes
                0x00000000       0x32 object/kfloat.o
 .ARM.attributes
                0x00000032       0x32 object/kmath.o
 .ARM.attributes
                0x00000064       0x32 object/kstdio.o
 .ARM.attributes
                0x00000096       0x32 object/kstring.o
 .ARM.attributes
                0x000000c8       0x32 object/ktimes.o
 .ARM.attributes
                0x000000fa       0x32 object/kunistd.o
 .ARM.attributes
                0x0000012c       0x32 object/schedule.o
 .ARM.attributes
                0x0000015e       0x32 object/sys_init.o
 .ARM.attributes
                0x00000190       0x32 object/kmain.o
 .ARM.attributes
                0x000001c2       0x32 object/clock.o
 .ARM.attributes
                0x000001f4       0x32 object/gpio.o
 .ARM.attributes
                0x00000226       0x32 object/timer.o
 .ARM.attributes
                0x00000258       0x32 object/usart.o
 .ARM.attributes
                0x0000028a       0x32 object/stm32_startup.o
 .ARM.attributes
                0x000002bc       0x32 object/cm4.o
 .ARM.attributes
                0x000002ee       0x32 object/syscall.o
 .ARM.attributes
                0x00000320       0x32 object/times.o
 .ARM.attributes
                0x00000352       0x32 object/unistd.o
